../backend/src/services/satellite.service.ts(123,9): error TS2353: Object literal may only specify known properties, and 'satelliteRiskScore' does not exist in type '(Without<ApplicationUpdateInput, ApplicationUncheckedUpdateInput> & ApplicationUncheckedUpdateInput) | (Without<...> & ApplicationUpdateInput)'.
