src/services/documentVerificationQueue.ts(48,57): error TS7006: Parameter 'data' implicitly has an 'any' type.
