﻿
--- Twilio Configuration Check ---
SID: Γ£à Present
Token: Γ£à Present
Phone: Γ£à Present (+1234567890)
----------------------------------

Sending test SMS to +919260989182...
2026-03-14 23:49:12 [[31merror[39m]: Error: 'From' +1234567890 is not a Twilio phone number or Short Code country mismatch
    at V2010.throwException (C:\Users\LENOVO\Desktop\Parivesh 3.O\node_modules\twilio\lib\base\Version.js:50:15)
    at C:\Users\LENOVO\Desktop\Parivesh 3.O\node_modules\twilio\lib\base\Version.js:108:22
    at process.processTicksAndRejections (node:internal/process/task_queues:103:5)
    at async sendSMS (C:\Users\LENOVO\Desktop\Parivesh 3.O\backend\src\services\smsService.ts:25:25)
    at async test (C:\Users\LENOVO\Desktop\Parivesh 3.O\backend\tmp\test-sms.ts:21:21)
node.exe : Γ¥î Failed 
to trigger SMS send. 
Check the backend logs 
or verify your 
TWILIO_PHONE_NUMBER.
At line:1 char:1
+ & "C:\Program 
Files\nodejs/node.exe" 
"C:\Program 
Files\nodejs/node_mo 
...
+ ~~~~~~~~~~~~~~~~~~~~~
~~~~~~~~~~~~~~~~~~~~~~~
~~~~~~~~~~~~~~~~~~~~~~~
~~
    + CategoryInfo     
         : NotSpecifi  
  ed: (Γ¥î Failed to   
  t...O_PHONE_NUMBE    
R.:String) [], Rem    
oteException
    + FullyQualifiedEr 
   rorId : NativeComm  
  andError
 
